<?xml version="1.0" encoding="utf-8"?><testsuites><testsuite name="pytest" errors="0" failures="0" skipped="2" tests="16" time="0.080" timestamp="2025-09-07T15:36:38.406947" hostname="Konstantinoss-MacBook-Air-2.local"><testcase classname="tests.test_tcs_cli" name="test_tcs_cli[TCS-004]" time="0.004" /><testcase classname="tests.test_tcs_cli" name="test_tcs_cli[TCS-006]" time="0.003" /><testcase classname="tests.test_tcs_cli" name="test_tcs_cli[TCS-002]" time="0.003" /><testcase classname="tests.test_tcs_cli" name="test_tcs_cli[TCS-008]" time="0.003" /><testcase classname="tests.test_tcs_cli" name="test_tcs_cli[TCS-003]" time="0.003" /><testcase classname="tests.test_tcs_cli" name="test_tcs_cli[TCS-007]" time="0.003" /><testcase classname="tests.test_tcs_cli" name="test_tcs_cli[TCS-005]" time="0.003" /><testcase classname="tests.test_tcs_cli" name="test_tcs_cli[TCS-001]" time="0.002" /><testcase classname="tests.test_tcs_cli" name="test_tcs_cli[TCS-009]" time="0.003" /><testcase classname="tests.test_tcs_cli" name="test_tcs_cli[TCS-010]" time="0.002" /><testcase classname="tests.test_tcs_cli" name="test_tcs_cli[TCS-011]" time="0.002" /><testcase classname="tests.test_tcs_cli" name="test_tcs_cli[TCS-012]" time="0.003" /><testcase classname="tests.test_tcs_cli" name="test_tcs_cli[TCS-013]" time="0.000"><skipped type="pytest.xfail" message="Known deviation: NaN treated as UNCHANGED by current implementation" /></testcase><testcase classname="tests.test_tcs_cli" name="test_tcs_cli[TCS-014]" time="0.000"><skipped type="pytest.xfail" message="Known deviation: NaN treated as UNCHANGED by current implementation" /></testcase><testcase classname="tests.test_tcs_cli" name="test_tcs_cli[TCS-015]" time="0.003" /><testcase classname="tests.test_tcs_cli" name="test_tcs_cli[TCS-016]" time="0.003" /></testsuite></testsuites>